PPPSPPPPPPPPPPPPPPPPPPPPPPPPPPPPPPPPPPPPPPPPPPPPPPPPPPPPPPPPPPPPPPPPPPPPPPPPPPPPPPPPPPPPPPPPPPPPPPPP
PPPPPPPPPPPPPPPPPPPPPPPPPPPPPPPPPPPPPPPPPPPPPPPPPPPPPPPPPPPPPPPPPPPPPPPPPPPPPPPPPPPPPPPPPPPPPPPPPPPP
PPPPPPPPPPPPPPPPPPPPPPPPPPPPPPPPPPPPPPPPPPPPPPPPPPPPPPPPPPPPPPPPPPPPPPPPPPPPPPPPPPPPPPPPPPPPPPPPPPPP
PPPTTTSSTTTSSTTTTTTTTTTTTTSSTTTTTTTTTTTTTTTTTTTTTTTTTTTTTTTTTTSSSSSSAATTTTTTTTTTTTTTTTTTTTSSTTTTKPPP
PPPTTTSSTTTTSSTTTTTTTTTTTTSSTTTTTTTTTTTTTTTTTTTTTTTTTTTTTTTTTTTSSSSSATTTTTTTTTTTTTTTTTTTTSSTTTTTTPPP
PPPTTTTSSTTSSTTTTTTTTTTTTTTSSTTTTTTTTTTTTTTTTTTTTTTTTTTTTTTTTTBSSBSSSSBBTTTTTTTTTTTTTTTTTSSTTTTTKPPP
PPPTTTTSSTSSTTTTTTTTTTTTTTTSSTTTTTTTTTTTTTTTTTTTTTTTTTTTTTTTTTSSSSBSSSBBTTTTTTTTTTTTTTTTTSSTTTTTTPPP
PPPTTTTSSTTSSTTTTTTTTTTTTTTTSSTTTTTTTTTTTTTTTTTTTTTTTTTTTTTTTTBSSBBASSSBTTTTTTTTTTTTTTTTTSSTTTTTTPPP
PPPSTTSSTTTSSTTTTTTTTTTTTTTTSSTTTTTTTTTTTTTTTTTTTTTTTTTTTTTTTTSSBBAABSSSTTTTTTTTTTTTTTTTTTSSTTTTTPPP
PPPSSTTSSTSSSSSSTTTTTTTTTTTTTSSTTTTTTTTTTTTTTTTTTTTTTTTTTTTBBBBSSAABBBSSSSSSSSSSSSSSSTTTTTTSSTTTTPPP
PPPTSSSSSSSSSSSSSSTSTSTTTTTTTTSSTTTTTTTTTTTTTTTTTTTTTTTTTTTBBBBBSSBBBBBSMMSASMMSASMMSTTTTTTSSTTTTPPP
PPPTTSSTTSSSTTTTSSSSSSSSSTTTTTSSTTTTTTTTTTTTTTTTTTTTTTTTTTTBBBBSSAABBBBSMMMAMMMMAMMMSBBTTTTSSTTTTPPP
PPPTTTSSTTTSSTTTTTSTSTSSSSSTTSSTSTTTTTTTTTTTTSSTTTTTTTTTTTTBBBBBSSBBBBBSSSMAAAAAAMSSSBBTTTTSSTTTTPPP
PPPTTTSSTTSSTTTTTTTTTTTTTSSSTTSSSSTTTTTSTTTTSSSSKTTTTTTTTTTBBBBSSBBBBBBSSBMAAAAAAMBSSBBTTTTSSTTTTPPP
PPPTTSSTTSSTTTTTTTTTTTTTTTTSSSSSTSSTTTSSSSTSSTTSSSTTTTTTTTTBBBBBSSBBBBBSSBMAAAAAAMBSSBBTTTSSTTTTTPPP
PPPTTSSTSSTTTTTTTTTTTTTTTTTTSSTTTTSSTSSTSSSSTTTTSSSSSTSTTTTBBBBSSSSBBBBSSBMAAAAAAMBSSBBTTTTSSTTTTPPP
PPPTTTSSSSTTTTTTTTTTTTTTTSSSSSSSSSSSSSSTTTSTTTTTTTSSSSSSTTTBBBBSSSSBBBBSSBMAAAAAAMBSSBBTTTSSTTTTTPPP
PPPTTTTSSTTTTTTTTTTTTTTTTSSSSSSSSSSSSSSTTTTTTTTTTTTTTSTSSSTBBBBSSSSBBBBSSBMAAAAAAMBSSBBTTTTSSTTTTPPP
PPPTTTSSSSTTTTTTTTTTTTTTTSSSSSSSSSSSSSSTTTTTTTTTTTTTTTTTSSSBBBBBSSBBBBBSSSMAAAAAAMSSSBBTTTTSSTTTTPPP
PPPTTTTTSSTTTTTTTTTTTTTTTSSSAAAASAAASSKTTTTTTTTTTTTTTTTTTTSSBBBSSSBBBBKSSMMAAAAAAMMSSBBTTTTTSTSTTPPP
PPPTTTTSSSSTTTTTTTTTTTTTTSSSAAAASAAASSSTTTTTTTTTTTTTTTTTTTTSSBSSSSSBBBBSSMAAAAAAAAMSSBBTTTSSSSSSTPPP
PPPTTTSSSSTTTTTTTTTTTTTTTSSSAAAASAAASSSTTTTTTKTTTTTTTTTTTTTBSSSBSSSSSBBSSMMMMMMMMMMSSSSSSSSSTSTSSPPP
PPPTTTTSSSSTTTTTTTTTTTTTTSSSSSSSSAAASSSTTTTTTTTTTTTTTTTTTTTBBSBBBSSSSSSSSSSSSSSSSSSSSSSSSSSTSSTTSPPP
PPPTTTTSSTSSTTTTTTTTTTTTTSSSAAASSSSSSSSTTTTTTTTTTTTTTTTTTTTBBBBBAASSBSSSSSSSSSSSSSSSBSSMPSSSSSTSTPPP
PPPSSSSSSSSSSSSSSSSSKTTTTSSSAAASAAAASSSTTTTTTTTTTTTTTTTTTTTBBBBAABBSSSBSSSBBSSSSBBSSBSSMPSTSSSSSTPPP
PPPMMMMMMMMMMMMMMMMSTTTTTSSSAAASAAAASSSTTTTTTTTTTTTTTTTTTTTBBSSBAASSSSBBBBBBBBBBBBBBBSSMPSTTSSSTTPPP
PPPMSSSSSSSSMSSSSSMSTTTTSSSSAAASAAAASSSTTTTTTTTTTTTTTTTTTTTSSSSAASSBSBBBBBBBBBBBBBBBBSSMPSTTSSTTTPPP
PPPMSSSSSSSSMSSSSSMSTTTSSSSSSSSSSSSSSSSTTTTTTTTTTTTTTTTTSTSSSTTAATSSTTTTTTTTTTTTTTTTTSSMPSTTTSSTTPPP
PPPMSSMSSMSSMSSMSSMSSSSSSSSSSSSSSSSSSSSTTTTTTTTTTTTTTTTSSSSTTTAASSTSSTTTBBBBBBBBBBBBBSSMPSTTTTSSTPPP
PPPMSSMSSMSSMSSMSSMSSSSSSSSSSSSSSSSSSSSTTTTTTTTTTTTTTTSSTSTTTAATTSSSSTTTBBBBBBBBBBBBBSSMPSTTTTTSSPPP
PPPMSSMSSMSSMSSMSSMSSSSSSSSTTTTTTTTTTTTTTTTTTTTTTTTTTSSTTTTTTTAATTSSTTTTBBBBBBBBBBBBBSSMPSTTTTSSTPPP
PPPMSSMSSMSSMSSMSSMSSSSSSSTTTTTTTATTATATTTAATAAATTSTSSAATTTTTTAATSSSSTTTBBBBAABBBBBBBSSMPSTTTTSSTPPP
PPPMSSMSSMSSMSSMSSMSSSSSSSTTTTTTAAAAAAAAAAAAAAAAAAAAAAAATTTTTTTAATSSTTTTBBBBAAAABAABBSSMPSTTTTTSSPPP
PPPMSSMSSMSSMSSMSSMSSSSSSTTTTTTTAAAAAAAAAAAAAAAAAAAAATAAATTTTTAATSSTTTTTBBBAAAAAAAABBSSMPSTTTTTSSPPP
PPPMSSMSSMSSMSSMSSMSSSSSTTTTTTTAAAAAAAAAAAAAAAAAAAAAATAAATTTTTAATSSTTTBBBBBBAAAAAABBBSSMPSTTTTSSTPPP
PPPMSSMSSMSSMSSMSSMSSSSSTTTTTTAAAAAAAAATAAAAAAAATAATTTAAATTTTTAASSSSTTBBBBBBBAAAAABBBSSMPSTTTTTSSPPP
PPPMSSMSSMSSMSSMSSMSSSSSTTTTTTAAAAAAAAATAAAAAAAATTTTTTAAAATTTATAATSSTTBBBBBBBBBBBBBBBSSMPSTTTTSSTPPP
PPPMSSMSSMSSMSSMSSMSSSSSTTTTTAAAAATAATTTATAAATTTTTTTTTTAAATTAATTAASSTTBBBBBBBBBBBBBBBSSMPSTTTSSTSPPP
PPPMSSSSSMSSSSSMSSSSSSSSTTTTAAAAATTTTTTTAAATTTTTTTTTTTTAAATTAATAASSTTTBBBBBBBBSSBBBBBSSSSSTSSSSSSPPP
PPPMSSSSSMSSSSSMSSSSSSSSTTTTTAAAATTATSTTTTTTTTTTTTTTTTTAAAATAAAAASSTTTBBBBBBBSSSSBBBBBBBTTSSSSTSSPPP
PPPMMMMMMMMMMMMMMMMSSBBSTTTTTAAAATTTTTTTSTTTTTTTTTTTTTTAAAAAAAAAAASSTTBBSBBBSSBBSSBBBBBBTSSTTTTTTPPP
PPPSSSSSSSSSSSSSSSSSSSBSTTTTTAAATTSSTTTTTTTTTTTTTTTTTTTTAAAAASASTSSSTTBSSBSSSBBBBSSSSSBSSSTTTTTTTPPP
PPPTTTBBSSBSSBBBBBBBBSSSTTTTTAAATTTTTTTTTTTTTTTTTTTTTTTTAAAASTASSSTSSTSSBSSSBBBBBBSSSSSSSSTTTTTTTPPP
PPPTTTBBBBSSBSBBBSBBBSSSTTTTTAAATTMMMTTMMMTMMMTTMMMTTTTAAAAASAATSSSSSSSSSSSSSBBBBBBBBBSBSSTTTTTTTPPP
PPPSTTBBBBSSSSSBSSSBSSBSTTTTTTTTTMMSSMMSSMMMSSMMSSMMTTTTAAAAAATTTSSTTSSSSBSSSSSSBBBBBBTTSSTTTTTTTPPP
PPPSSTTTTSSSSBSSSBSSSBBSTTTTTTTTTMSSSSSSSSSSSSSSSSSMTTTTAATTTTTTTSSTTTSBBBBBBSSSSBBBBBTTSSTTTTTTTPPP
PPPTSSSTSSSSBBBSBBBSBBBSTTTTTTTTTMMMMSSSSSSSSSSSMMMMTTTTATTTTTTTTSSTTTBBBBBBBBBBSSBBBBTTSSTTTTTTTPPP
PPPTTSSSSTSSBBBBBBBBBBBSTTTSTTTTTTTTMSSSSSSSSSSSMTTTTTTTTTTTTTTTTSSTTTBBBBBBBBBBBSSSSBTTSSTTTTTTTPPP
PPPTTTTSTSSBBBBBBBBBBBBSTTTTTTTTTTTTMSSSSSSSSSSSMTTTTTTTTTTTTTTTSSTTTTBBBBBBBBBBBBSSSSTTSSTTTTSSTPPP
PPPTTTTTTSSBBBBBBBBBBBBSTTTTTTTTTTTTMSSSSSSSSSSSMTTTTTTTTTTTTTTTTSSTTTBBBBBBBBBBBBBBBSSTSSSSTSSSSPPP
PPPTTTTTSSBBBBBBBBBBBBBSTTTTTTTTTTTTMSSSSSSSSSSSMTTTTTTTTTTTTTTTTSSTTTTTTTTTTTTTTTTTTTSSSSSSSSTTSPPP
PPPTTTTSSSSBBBBBBBBBBBBSTTSTTTTTTTTTMSSSSSSSSSSSMTTTTTTTTTTTTTTTTTSSTTTTTTTTTTTTTTTTTTTSSSTTSTTTTPPP
PPPTTTSSSSBBBBBBBBBBBBBBTSBTTTTTTTTTMSSMMSSSMMSSMTTTTTTTTTTTTTTTTTSSTTTTTTTTTTTTTTTTTTTTSSTTTTTTTPPP
PPPTTTSSSSTTBBTTTTTBBBBSSBBTTTTTTTTTMSMSSMSMSSMSMTTTTTTTTTTTTTTTTSSTTTTTTTTTTTTTTTTTTTTTTTTTTTTTTPPP
PPPTTSSSSTTTBBBTTTTTBTTSBBBTTTTTMMMMMDMSSMDMSSMDMMMMMTTTTBBBBBBBSSTTTTTTTTTTTTTTTTTTTTTTTTTTTTTTTPPP
PPPTSSTTSSTTBBTTTKTTTTTTTTTTTTTTMSSSMSMSSMSMSSMSMSSSMTTTTBBBBBBSSAATTTTTTTTTTTTTTTTTTTTTTTTTTTTTTPPP
PPPTSSTTTSSTTBBTTTTTTBBTTTTTTTTTMSMSMSSMMSSSMMSSMSMSMTTTTBBBBBBBSSBBBBBBBBBBBBBBBBTTTTTTTTTTTTTTTPPP
PPPSSTTTTTSSTTBBTTTBBBBTTTTTTTTTMSSSMSSSSMSMSSSSMSSSMTTTTBBBBBBSSSSBBBBBBBBBBBBBBBTTTTTTTTTTTTTTTPPP
PPPTSSTTTSSTTTTBBTBBTTTTTTTTTTTTMMMMMSSSMSSSMSSSMMMMMTTTTBBBBBBBSSSSBBBBBBBBBBBBBBTTTTTTTTTTTTTTTPPP
PPPSSTTTSSTTTTTTBBBTTTTTTTTTTTTTTTTTMSSSMSSSMSSSMTTTTTTTTBBBBBBSSTBSSBBBBBBBBBBBBBTTTTTTTTTTTTTTTPPP
PPPSSTTTTSSTTTTTTTTTTTTTTTTTTTTTTTTTMSSSSMMMSSSSMTTTTTTTTBBBBKSSAABBSSBBBBBBBBBBBBTTTTTTTTTTTTTTTPPP
PPPSSTTTTTSSTTTTTTTTTTTTTTTTTTTTTTTTMSSSSSSSSSSSMTTTTTTTTBBBBBBSSAASSBBSSSSSSSSSSSSSSSSTTTTTTTTTTPPP
PPPTTTTTTTSSTTTTTTTTTTTTTTTTTTTTTTTTMSSSSSSSSSSSMTTTTTTTTBBBBBBBSSSSBBBSMMMMMMMMMMMMSMSTTTTTTTTTTPPP
PPPTTTTTTSSTTTTTTTTTTTTTTTTTTTTTTTTTMSSSSSSSSSSSMTTTTTTTTBBBBBBBBSSBBBBSMSMSSSSSSSSSSMSTTTTTTTTTTPPP
PPPTTTTTSSTTTTTTTTTTTTTTTTTTTTTTTTTTMSSSSSSSSSSSMTTTTTTTTBBBBBBBSSBBBBBSMSMMMMMMMMSMSMSTTTTTTTTTTPPP
PPPTTTTTSSTTTTTTTTTTTTTTTTTTTTTTTTTTMSSSSSSSSSSSMTTTTTTTTBBBBBBBBSSBBBBSMSSSSSSSSMSMSMSTTTTTTTTTTPPP
PPPTTTTTSSTTTTTTTTTTTTTTTTTTTTTTMTTTMSSSSSSSSSSSMTTTTTTTTBBBBBBBBTSSBBBSMSMSMMMMMMSMSMSTTTTTTTTTTPPP
PPPTTTTTTSSTTTTTTTTTTTTTTTTTTTTMMMTTTTTTTMDMTTTTTTTTTTTTTBBBBBBBBSSBBBBSMSMSMSSSSMSMSMSTTTTTTTTTTPPP
PPPTTTTTSSTTTTTTTTTTTTTTTTTTTTMMSMMTTTTTMSSSMTTTTTTTTTTTTBBBBBBBSSBBBBBSMSMSMSMSSMSMSMSTTTTTTTTTTPPP
PPPTTTTSSTTTTTTTTTTTTTTTTTTTTTDSSSMTTTTTTMSMTTTTTTTTTTTTTBBBBBBBBSSBBBBSMSMSMSMSMMSMSMSTTTTTTTTTTPPP
PPPTTTSSTTTTTTTTTTTTTTTTTTTTTTTMSSMTTTTTTTMTTTTTTTTTTTTTTTTTTTTTTTSSBBBSMSMSMSMSSSSMSMSTTTTTTTTTTPPP
PPPTTTTSSTTTTTTTTTTTTTTTTTTTTTTMMSMMTTTTTTMTTTBBTBBBTTBBBTTTTTTTTAASSBBSMSMSMSMMMMSMSMSTTTTTTTTTTPPP
PPPTTTTSSTTTTTTTTTTTTTBTTTTTTTTTMSSMMMTTMMMBTBKBKBBBBTBBBTTTTTTTTTAASSTSMSMSSSSSSMSMSMSTTTTTTTTTTPPP
PPPTTTTSSTTTTTTTTTTTTBSSBBBBBBBBMMSSSMMMMSMBBMSSSMBBBBBBBTTTTTTTTSSSSTTSMSMMMMMMMMMMSMSTTTTTTTTTTPPP
PPPTTTSSTTTTTTTTTTTTTBSSBBBBBBBBBMMMSSSSSMMBBMSSSMBBBBBBBTTTTTTTSSTSSTTSMSSSSSSSSSSMSMSSTTTTTTTTTPPP
PPPTTTSSTTTTTTTTTTTTTBBSSBBBBBBBBBBMSSMMMMTBBMSSSMBBBBBBBTTTTTTTTSSSSTTSMSMMMMMMMMMMMMSSSTTTTTTTTPPP
PPPTTTTSSTTTTTTTTTTKTTTTSSBBBBBBBBBMMMMBTTTBBMSSSMBBBBBBBTTKTTTTSSTSSTTSSSSSSSSSSSSSSSSTSSTTTTTTTPPP
PPPTTTSSTTTTTTTTTTTTTTTTSSBBBBBBBBBBBBBBTTTBBMSSSMBBBBBBBTTTTTTTSSAASSTTTTATATTTTTTSSTTTTSSTTTTTTPPP
PPPTTTSSATTTTTTTTTTTTTTSSBBBBBBBAAAAKBBBTTTBBMMMMMBBABBBBTTKTTTSSAATTSSTAAAAAAATATSSTTTTTTSTSTTSSPPP
PPPSTASSAATTTTAATTTTTTABSSBBBBAAAAAAABBBBBBBBBBBABBAAABABAATATTATTAAASSAAASATAAAAASATAATTSSSSSSSSPPP
PPPSSASSTAAAAAAAAATTTAAASSBAAAAABABBAAABBBBBBBBAAAAABAAAAAAAASSATTTAASSASTSTTTTATAAAAAATSSSSASSSSPPP
PPPTSTSSSTAAAATTAATTAATAABAAAAAABBBBBAAAABBBABAABAASBSABATTASSSSSSSATSSSSSSTTTTTTTATATSSSTTTATTSSPPP
PPPTTSSTSSTTSTTTSSSSATTBAAAAAABBBBBBBBBAAAAAAAASBSBSSSBBBTTSSTTSSSSSSTSSSSSSTTTTSSSTSSSSTTTTTTTTTPPP
PPPTTSSTSSSSSSTSSSSSSTSBBAABBBBBBSSSSBBBBAAASABSSSBSSBBSSTSSTTTTSTTSSSSTSTTSSSBSSSSSSSBBBBTBTTTTTPPP
PPPSSSSSSTSSTSSSTTTTSSSSBBSSSSBBSSSSSSBBBSSBSBBSSSSSSBSSSSSTTTSSTTTAASTTTTTTSSSSBBBSBBBBBBTBTTTTTPPP
PPPSSSSSTTTTTTSTTTTTTSTSSSSBBSSSSBSSSSBBSSSBSBSSBSSBSSSTTSTTTTTSSTTTTSSTTTTTTTSBBBBBBBBBBBTBBTTTTPPP
PPPTTTSSTTTTTTTTTTTTTTTBBSSSSSSSSSSSSSSSSSBSSSSBBBBBBSTTTTTTTTTSSTTTSSTTTTTTTTBBBBBBBBBBBBTTBTTTTPPP
PPPTTTTSSTTTTTTTTTTTTTTBBSSSSSBBSSBBBSSSSSSSBSBBBBBBBTTTTTTTTTSSTTTTSSTTTTTTBTBBBBBBBBBBBBTTBTTTTPPP
PPPTTTSSTTTTTTTTTTTTTTTBSSBBBBBBBBBBBBBBSBSBBBBBBBBBBTTTTTTTTTSSTTTTTSSTTTTBBTBBBBBBBBBBBBTTBTTTTPPP
PPPTTTTSSKTTTTTTTTTTTTTBBSSBBBBBBBBBBBBBBBBBBBBBBBBBBTTTTTTTTTSSTTTTSSTTTTTBTTBBBBBBBBBBBBTBBTTTTPPP
PPPTTTTTSSTTTTTTTTTTTTTTSSTTTTTTTTTTTTTTTTTTTTTKTTTTTTTTTTTTTSSTTTTSSTTTTTBBTTTTTTTTTTTTTTTBBTTTTPPP
PPPTTTTSSTTTTTTTTTTTTTTTSSTTTTTTTTTTTTTTTTTTTTTTTTTTTTTTTTTTTSSTTTTTSSTTTTTBTTTTTTTTTTTTTTBBBTTTTPPP
PPPTTTTTSSTTTTTTTTTTTTTTTSSTTTTTTTTTTTTTTTTTTTTTTTTTTTTTTTTTTSSTTTTTTSSTTTTBBBTTTTTTTTTTTBBTTTTTTPPP
PPPTTTTSSTTTTTTTTTTTTTTTTTSSTTTTTTTTTTTTTTTTTTTTTTTTTTTTTTTTSSTTTTTTSSTTTTTTTBBBBBBBBBBBBBTTTTTTTPPP
PPPTTTSSTTTTTTTTTTTTTTTTTTSSTTTTTTTTTTTTTTTTTTTTTTTTTTTTTTTSSTTTTTTTTSSTTTTTTTTTTTTTTTTTTTTTTTTTTPPP
PPPTTTTSSTTTTTTTTTTTTTTTTSSTTTTTTTTTTTTTTTTTTTTTTTTTTTTTTTTSSTTTTTTTAASSTTTTTTTTTTTTTTTTTKTTTTTTTPPP
PPPTTTTTSSTTTTTTTTTTTTTTTTSSTTTTTTTTTTTTTTTTTTTTTTTTTTTTTTTTSSTTTTTAASSTTTTTTTTTTTTTTTTTTTTTTTTTTPPP
PPPPPPPPPPPPPPPPPPPPPPPPPPPPPPPPPPPPPPPPPPPPPPPPPPPPPPPPPPPPPPPPPPPPPPPPPPPPPPPPPPPPPPPPPPPPPPPPPPPP
PPPPPPPPPPPPPPPPPPPPPPPPPPPPPPPPPPPPPPPPPPPPPPPPPPPPPPPPPPPPPPPPPPPPPPPPPPPPPPPPPPPPPPPPPPPPPPPPPPPP
PPPPPPPPPPPPPPPPPPPPPPPPPPPPPPPPPPPPPPPPPPPPPPPPPPPPPPPPPPPPPPPPPPPPPPPPPPPPPPPPPPPPPPPPPPPPPPPPPPPP
